Unhandled exception. System.AggregateException: One or more errors occurred. (Index was out of range. Must be non-negative and less than the size of the collection. (Parameter 'index')) (Index was out of range. Must be non-negative and less than the size of the collection. (Parameter 'index')) (Index was out of range. Must be non-negative and less than the size of the collection. (Parameter 'index')) (Index was out of range. Must be non-negative and less than the size of the collection. (Parameter 'index')) (Index was out of range. Must be non-negative and less than the size of the collection. (Parameter 'index')) (Index was out of range. Must be non-negative and less than the size of the collection. (Parameter 'index')) (Index was out of range. Must be non-negative and less than the size of the collection. (Parameter 'index')) (Index was out of range. Must be non-negative and less than the size of the collection. (Parameter 'index'))
 ---> System.ArgumentOutOfRangeException: Index was out of range. Must be non-negative and less than the size of the collection. (Parameter 'index')
   at System.Collections.Generic.List`1.get_Item(Int32 index)
   at AsmResolver.DotNet.Code.Cil.CilInstructionCollection.get_Item(Int32 index)
   at AsmResolver.DotNet.Code.Cil.CilMethodBodySerializer.BuildRawCodeStream(MethodBodySerializationContext context, CilMethodBody body)
   at AsmResolver.DotNet.Code.Cil.CilMethodBodySerializer.BuildMethodBody(MethodBodySerializationContext context, CilMethodBody body)
   at AsmResolver.DotNet.Code.Cil.CilMethodBodySerializer.SerializeMethodBody(MethodBodySerializationContext context, MethodDefinition method)
   at AsmResolver.DotNet.Code.MultiMethodBodySerializer.SerializeMethodBody(MethodBodySerializationContext context, MethodDefinition method)
   at AsmResolver.DotNet.Builder.DotNetDirectoryBuffer.FinalizeMethods(Boolean& paramPtrRequired)
   at AsmResolver.DotNet.Builder.DotNetDirectoryBuffer.FinalizeTypes()
   at AsmResolver.DotNet.Builder.DotNetDirectoryFactory.CreateDotNetDirectory(ModuleDefinition module, INativeSymbolsProvider symbolsProvider, IErrorListener errorListener)
   at AsmResolver.DotNet.Builder.ManagedPEImageBuilder.CreateImage(ModuleDefinition module)
   --- End of inner exception stack trace ---
   at System.Linq.Parallel.QueryTaskGroupState.QueryEnd(Boolean userInitiatedDispose)
   at System.Linq.Parallel.SpoolingTask.SpoolStopAndGo[TInputOutput,TIgnoreKey](QueryTaskGroupState groupState, PartitionedStream`2 partitions, SynchronousChannel`1[] channels, TaskScheduler taskScheduler)
   at System.Linq.Parallel.DefaultMergeHelper`2.System.Linq.Parallel.IMergeHelper<TInputOutput>.Execute()
   at System.Linq.Parallel.MergeExecutor`1.Execute()
   at System.Linq.Parallel.MergeExecutor`1.Execute[TKey](PartitionedStream`2 partitions, Boolean ignoreOutput, ParallelMergeOptions options, TaskScheduler taskScheduler, Boolean isOrdered, CancellationState cancellationState, Int32 queryId)
   at System.Linq.Parallel.PartitionedStreamMerger`1.Receive[TKey](PartitionedStream`2 partitionedStream)
   at System.Linq.Parallel.UnaryQueryOperator`2.UnaryQueryOperatorResults.GivePartitionedStream(IPartitionedStreamRecipient`1 recipient)
   at System.Linq.Parallel.QueryOperator`1.GetOpenedEnumerator(Nullable`1 mergeOptions, Boolean suppressOrder, Boolean forEffect, QuerySettings querySettings)
   at System.Linq.Parallel.QueryOpeningEnumerator`1.OpenQuery()
   at System.Linq.Parallel.QueryOpeningEnumerator`1.MoveNext()
   at System.Linq.ParallelEnumerable.ToList[TSource](ParallelQuery`1 source)
   at Cpp2IL.Core.OutputFormats.AsmResolverDllOutputFormat.DoOutput(ApplicationAnalysisContext context, String outputRoot) in /_/Cpp2IL.Core/OutputFormats/AsmResolverDllOutputFormat.cs:line 38
   at Cpp2IL.Program.MainWithArgs(Cpp2IlRuntimeArgs runtimeArgs) in /home/runner/work/Cpp2IL/Cpp2IL/Cpp2IL/Program.cs:line 710
   at Cpp2IL.Program.Main(String[] args) in /home/runner/work/Cpp2IL/Cpp2IL/Cpp2IL/Program.cs:line 615
 ---> (Inner Exception #1) System.ArgumentOutOfRangeException: Index was out of range. Must be non-negative and less than the size of the collection. (Parameter 'index')
   at System.Collections.Generic.List`1.get_Item(Int32 index)
   at AsmResolver.DotNet.Code.Cil.CilInstructionCollection.get_Item(Int32 index)
   at AsmResolver.DotNet.Code.Cil.CilMethodBodySerializer.BuildRawCodeStream(MethodBodySerializationContext context, CilMethodBody body)
   at AsmResolver.DotNet.Code.Cil.CilMethodBodySerializer.BuildMethodBody(MethodBodySerializationContext context, CilMethodBody body)
   at AsmResolver.DotNet.Code.Cil.CilMethodBodySerializer.SerializeMethodBody(MethodBodySerializationContext context, MethodDefinition method)
   at AsmResolver.DotNet.Code.MultiMethodBodySerializer.SerializeMethodBody(MethodBodySerializationContext context, MethodDefinition method)
   at AsmResolver.DotNet.Builder.DotNetDirectoryBuffer.FinalizeMethods(Boolean& paramPtrRequired)
   at AsmResolver.DotNet.Builder.DotNetDirectoryBuffer.FinalizeTypes()
   at AsmResolver.DotNet.Builder.DotNetDirectoryFactory.CreateDotNetDirectory(ModuleDefinition module, INativeSymbolsProvider symbolsProvider, IErrorListener errorListener)
   at AsmResolver.DotNet.Builder.ManagedPEImageBuilder.CreateImage(ModuleDefinition module)<---

 ---> (Inner Exception #2) System.ArgumentOutOfRangeException: Index was out of range. Must be non-negative and less than the size of the collection. (Parameter 'index')
   at System.Collections.Generic.List`1.get_Item(Int32 index)
   at AsmResolver.DotNet.Code.Cil.CilInstructionCollection.get_Item(Int32 index)
   at AsmResolver.DotNet.Code.Cil.CilMethodBodySerializer.BuildRawCodeStream(MethodBodySerializationContext context, CilMethodBody body)
   at AsmResolver.DotNet.Code.Cil.CilMethodBodySerializer.BuildMethodBody(MethodBodySerializationContext context, CilMethodBody body)
   at AsmResolver.DotNet.Code.Cil.CilMethodBodySerializer.SerializeMethodBody(MethodBodySerializationContext context, MethodDefinition method)
   at AsmResolver.DotNet.Code.MultiMethodBodySerializer.SerializeMethodBody(MethodBodySerializationContext context, MethodDefinition method)
   at AsmResolver.DotNet.Builder.DotNetDirectoryBuffer.FinalizeMethods(Boolean& paramPtrRequired)
   at AsmResolver.DotNet.Builder.DotNetDirectoryBuffer.FinalizeTypes()
   at AsmResolver.DotNet.Builder.DotNetDirectoryFactory.CreateDotNetDirectory(ModuleDefinition module, INativeSymbolsProvider symbolsProvider, IErrorListener errorListener)
   at AsmResolver.DotNet.Builder.ManagedPEImageBuilder.CreateImage(ModuleDefinition module)<---

 ---> (Inner Exception #3) System.ArgumentOutOfRangeException: Index was out of range. Must be non-negative and less than the size of the collection. (Parameter 'index')
   at System.Collections.Generic.List`1.get_Item(Int32 index)
   at AsmResolver.DotNet.Code.Cil.CilInstructionCollection.get_Item(Int32 index)
   at AsmResolver.DotNet.Code.Cil.CilMethodBodySerializer.BuildRawCodeStream(MethodBodySerializationContext context, CilMethodBody body)
   at AsmResolver.DotNet.Code.Cil.CilMethodBodySerializer.BuildMethodBody(MethodBodySerializationContext context, CilMethodBody body)
   at AsmResolver.DotNet.Code.Cil.CilMethodBodySerializer.SerializeMethodBody(MethodBodySerializationContext context, MethodDefinition method)
   at AsmResolver.DotNet.Code.MultiMethodBodySerializer.SerializeMethodBody(MethodBodySerializationContext context, MethodDefinition method)
   at AsmResolver.DotNet.Builder.DotNetDirectoryBuffer.FinalizeMethods(Boolean& paramPtrRequired)
   at AsmResolver.DotNet.Builder.DotNetDirectoryBuffer.FinalizeTypes()
   at AsmResolver.DotNet.Builder.DotNetDirectoryFactory.CreateDotNetDirectory(ModuleDefinition module, INativeSymbolsProvider symbolsProvider, IErrorListener errorListener)
   at AsmResolver.DotNet.Builder.ManagedPEImageBuilder.CreateImage(ModuleDefinition module)<---

 ---> (Inner Exception #4) System.ArgumentOutOfRangeException: Index was out of range. Must be non-negative and less than the size of the collection. (Parameter 'index')
   at System.Collections.Generic.List`1.get_Item(Int32 index)
   at AsmResolver.DotNet.Code.Cil.CilInstructionCollection.get_Item(Int32 index)
   at AsmResolver.DotNet.Code.Cil.CilMethodBodySerializer.BuildRawCodeStream(MethodBodySerializationContext context, CilMethodBody body)
   at AsmResolver.DotNet.Code.Cil.CilMethodBodySerializer.BuildMethodBody(MethodBodySerializationContext context, CilMethodBody body)
   at AsmResolver.DotNet.Code.Cil.CilMethodBodySerializer.SerializeMethodBody(MethodBodySerializationContext context, MethodDefinition method)
   at AsmResolver.DotNet.Code.MultiMethodBodySerializer.SerializeMethodBody(MethodBodySerializationContext context, MethodDefinition method)
   at AsmResolver.DotNet.Builder.DotNetDirectoryBuffer.FinalizeMethods(Boolean& paramPtrRequired)
   at AsmResolver.DotNet.Builder.DotNetDirectoryBuffer.FinalizeTypes()
   at AsmResolver.DotNet.Builder.DotNetDirectoryFactory.CreateDotNetDirectory(ModuleDefinition module, INativeSymbolsProvider symbolsProvider, IErrorListener errorListener)
   at AsmResolver.DotNet.Builder.ManagedPEImageBuilder.CreateImage(ModuleDefinition module)<---

 ---> (Inner Exception #5) System.ArgumentOutOfRangeException: Index was out of range. Must be non-negative and less than the size of the collection. (Parameter 'index')
   at System.Collections.Generic.List`1.get_Item(Int32 index)
   at AsmResolver.DotNet.Code.Cil.CilInstructionCollection.get_Item(Int32 index)
   at AsmResolver.DotNet.Code.Cil.CilMethodBodySerializer.BuildRawCodeStream(MethodBodySerializationContext context, CilMethodBody body)
   at AsmResolver.DotNet.Code.Cil.CilMethodBodySerializer.BuildMethodBody(MethodBodySerializationContext context, CilMethodBody body)
   at AsmResolver.DotNet.Code.Cil.CilMethodBodySerializer.SerializeMethodBody(MethodBodySerializationContext context, MethodDefinition method)
   at AsmResolver.DotNet.Code.MultiMethodBodySerializer.SerializeMethodBody(MethodBodySerializationContext context, MethodDefinition method)
   at AsmResolver.DotNet.Builder.DotNetDirectoryBuffer.FinalizeMethods(Boolean& paramPtrRequired)
   at AsmResolver.DotNet.Builder.DotNetDirectoryBuffer.FinalizeTypes()
   at AsmResolver.DotNet.Builder.DotNetDirectoryFactory.CreateDotNetDirectory(ModuleDefinition module, INativeSymbolsProvider symbolsProvider, IErrorListener errorListener)
   at AsmResolver.DotNet.Builder.ManagedPEImageBuilder.CreateImage(ModuleDefinition module)<---

 ---> (Inner Exception #6) System.ArgumentOutOfRangeException: Index was out of range. Must be non-negative and less than the size of the collection. (Parameter 'index')
   at System.Collections.Generic.List`1.get_Item(Int32 index)
   at AsmResolver.DotNet.Code.Cil.CilInstructionCollection.get_Item(Int32 index)
   at AsmResolver.DotNet.Code.Cil.CilMethodBodySerializer.BuildRawCodeStream(MethodBodySerializationContext context, CilMethodBody body)
   at AsmResolver.DotNet.Code.Cil.CilMethodBodySerializer.BuildMethodBody(MethodBodySerializationContext context, CilMethodBody body)
   at AsmResolver.DotNet.Code.Cil.CilMethodBodySerializer.SerializeMethodBody(MethodBodySerializationContext context, MethodDefinition method)
   at AsmResolver.DotNet.Code.MultiMethodBodySerializer.SerializeMethodBody(MethodBodySerializationContext context, MethodDefinition method)
   at AsmResolver.DotNet.Builder.DotNetDirectoryBuffer.FinalizeMethods(Boolean& paramPtrRequired)
   at AsmResolver.DotNet.Builder.DotNetDirectoryBuffer.FinalizeTypes()
   at AsmResolver.DotNet.Builder.DotNetDirectoryFactory.CreateDotNetDirectory(ModuleDefinition module, INativeSymbolsProvider symbolsProvider, IErrorListener errorListener)
   at AsmResolver.DotNet.Builder.ManagedPEImageBuilder.CreateImage(ModuleDefinition module)<---

 ---> (Inner Exception #7) System.ArgumentOutOfRangeException: Index was out of range. Must be non-negative and less than the size of the collection. (Parameter 'index')
   at System.Collections.Generic.List`1.get_Item(Int32 index)
   at AsmResolver.DotNet.Code.Cil.CilInstructionCollection.get_Item(Int32 index)
   at AsmResolver.DotNet.Code.Cil.CilMethodBodySerializer.BuildRawCodeStream(MethodBodySerializationContext context, CilMethodBody body)
   at AsmResolver.DotNet.Code.Cil.CilMethodBodySerializer.BuildMethodBody(MethodBodySerializationContext context, CilMethodBody body)
   at AsmResolver.DotNet.Code.Cil.CilMethodBodySerializer.SerializeMethodBody(MethodBodySerializationContext context, MethodDefinition method)
   at AsmResolver.DotNet.Code.MultiMethodBodySerializer.SerializeMethodBody(MethodBodySerializationContext context, MethodDefinition method)
   at AsmResolver.DotNet.Builder.DotNetDirectoryBuffer.FinalizeMethods(Boolean& paramPtrRequired)
   at AsmResolver.DotNet.Builder.DotNetDirectoryBuffer.FinalizeTypes()
   at AsmResolver.DotNet.Builder.DotNetDirectoryFactory.CreateDotNetDirectory(ModuleDefinition module, INativeSymbolsProvider symbolsProvider, IErrorListener errorListener)
   at AsmResolver.DotNet.Builder.ManagedPEImageBuilder.CreateImage(ModuleDefinition module)<---

